{
  "version": "1.5.0",
  "plugins_used": [
    {
      "name": "ArtifactoryDetector"
    },
    {
      "name": "AWSKeyDetector"
    },
    {
      "name": "AzureStorageKeyDetector"
    },
    {
      "name": "Base64HighEntropyString",
      "limit": 4.5
    },
    {
      "name": "BasicAuthDetector"
    },
    {
      "name": "CloudantDetector"
    },
    {
      "name": "DiscordBotTokenDetector"
    },
    {
      "name": "GitHubTokenDetector"
    },
    {
      "name": "GitLabTokenDetector"
    },
    {
      "name": "HexHighEntropyString",
      "limit": 3.0
    },
    {
      "name": "IbmCloudIamDetector"
    },
    {
      "name": "IbmCosHmacDetector"
    },
    {
      "name": "IPPublicDetector"
    },
    {
      "name": "JwtTokenDetector"
    },
    {
      "name": "KeywordDetector",
      "keyword_exclude": ""
    },
    {
      "name": "MailchimpDetector"
    },
    {
      "name": "NpmDetector"
    },
    {
      "name": "PrivateKeyDetector"
    },
    {
      "name": "PypiTokenDetector"
    },
    {
      "name": "SendGridDetector"
    },
    {
      "name": "SlackDetector"
    },
    {
      "name": "SoftlayerDetector"
    },
    {
      "name": "SquareOAuthDetector"
    },
    {
      "name": "StripeDetector"
    },
    {
      "name": "TelegramBotTokenDetector"
    },
    {
      "name": "TwilioKeyDetector"
    }
  ],
  "filters_used": [
    {
      "path": "detect_secrets.filters.allowlist.is_line_allowlisted"
    },
    {
      "path": "detect_secrets.filters.common.is_baseline_file",
      "filename": ".secrets.baseline"
    },
    {
      "path": "detect_secrets.filters.common.is_ignored_due_to_verification_policies",
      "min_level": 2
    },
    {
      "path": "detect_secrets.filters.heuristic.is_indirect_reference"
    },
    {
      "path": "detect_secrets.filters.heuristic.is_likely_id_string"
    },
    {
      "path": "detect_secrets.filters.heuristic.is_lock_file"
    },
    {
      "path": "detect_secrets.filters.heuristic.is_not_alphanumeric_string"
    },
    {
      "path": "detect_secrets.filters.heuristic.is_potential_uuid"
    },
    {
      "path": "detect_secrets.filters.heuristic.is_prefixed_with_dollar_sign"
    },
    {
      "path": "detect_secrets.filters.heuristic.is_sequential_string"
    },
    {
      "path": "detect_secrets.filters.heuristic.is_swagger_file"
    },
    {
      "path": "detect_secrets.filters.heuristic.is_templated_secret"
    }
  ],
  "results": {
    ".env.example": [
      {
        "type": "Basic Auth Credentials",
        "filename": ".env.example",
        "hashed_secret": "112bb791304791ddcf692e29fd5cf149b35fea37",
        "is_verified": false,
        "line_number": 18
      }
    ],
    ".github/workflows/ci.yml": [
      {
        "type": "Secret Keyword",
        "filename": ".github/workflows/ci.yml",
        "hashed_secret": "529c5143adaa63cae624b10a0ff1a1c9b9c4d941",
        "is_verified": false,
        "line_number": 164
      },
      {
        "type": "Basic Auth Credentials",
        "filename": ".github/workflows/ci.yml",
        "hashed_secret": "529c5143adaa63cae624b10a0ff1a1c9b9c4d941",
        "is_verified": false,
        "line_number": 174
      }
    ],
    ".pre-commit-config.yaml": [
      {
        "type": "Hex High Entropy String",
        "filename": ".pre-commit-config.yaml",
        "hashed_secret": "86c6a37e4df15f254de64d297a44a231821c6dba",
        "is_verified": false,
        "line_number": 7
      },
      {
        "type": "Hex High Entropy String",
        "filename": ".pre-commit-config.yaml",
        "hashed_secret": "26f89e75489173ffe046cc843b9a983e65020901",
        "is_verified": false,
        "line_number": 14
      },
      {
        "type": "Hex High Entropy String",
        "filename": ".pre-commit-config.yaml",
        "hashed_secret": "86242b7a7b67c1fd83514757a6b319602d648e94",
        "is_verified": false,
        "line_number": 28
      }
    ],
    "AGENTS.md": [
      {
        "type": "Basic Auth Credentials",
        "filename": "AGENTS.md",
        "hashed_secret": "529c5143adaa63cae624b10a0ff1a1c9b9c4d941",
        "is_verified": false,
        "line_number": 65
      }
    ],
    "configs/platform/offline.yaml": [
      {
        "type": "Hex High Entropy String",
        "filename": "configs/platform/offline.yaml",
        "hashed_secret": "0e71e3c114dff30c97f1f04f01b450ca7f6b31cf",
        "is_verified": false,
        "line_number": 5
      }
    ],
    "configs/platform/paper.yaml": [
      {
        "type": "Hex High Entropy String",
        "filename": "configs/platform/paper.yaml",
        "hashed_secret": "0e71e3c114dff30c97f1f04f01b450ca7f6b31cf",
        "is_verified": false,
        "line_number": 5
      }
    ],
    "configs/platform/shadow.yaml": [
      {
        "type": "Hex High Entropy String",
        "filename": "configs/platform/shadow.yaml",
        "hashed_secret": "0e71e3c114dff30c97f1f04f01b450ca7f6b31cf",
        "is_verified": false,
        "line_number": 5
      }
    ],
    "docs/evidence/main-ai-freeze.json": [
      {
        "type": "Hex High Entropy String",
        "filename": "docs/evidence/main-ai-freeze.json",
        "hashed_secret": "ff9237eb6e674e03ddf3e5e5762172e80582a4ad",
        "is_verified": false,
        "line_number": 2,
        "is_secret": false
      },
      {
        "type": "Hex High Entropy String",
        "filename": "docs/evidence/main-ai-freeze.json",
        "hashed_secret": "da96612039a6029732a79039673079f4637a615a",
        "is_verified": false,
        "line_number": 8,
        "is_secret": false
      },
      {
        "type": "Hex High Entropy String",
        "filename": "docs/evidence/main-ai-freeze.json",
        "hashed_secret": "9c76dac2624ac1b1b9cc8524160e100c2077e89e",
        "is_verified": false,
        "line_number": 14,
        "is_secret": false
      },
      {
        "type": "Hex High Entropy String",
        "filename": "docs/evidence/main-ai-freeze.json",
        "hashed_secret": "d137adb89890a9ce09f4788ddf91d990ea452600",
        "is_verified": false,
        "line_number": 20,
        "is_secret": false
      },
      {
        "type": "Hex High Entropy String",
        "filename": "docs/evidence/main-ai-freeze.json",
        "hashed_secret": "a66b1f1c2d6dd24b9aeb3d8a5ed8fb958c5a45f7",
        "is_verified": false,
        "line_number": 26,
        "is_secret": false
      },
      {
        "type": "Hex High Entropy String",
        "filename": "docs/evidence/main-ai-freeze.json",
        "hashed_secret": "c116dd2f2ccf5ee90ec43e1a84d9f04000f42c1e",
        "is_verified": false,
        "line_number": 32,
        "is_secret": false
      },
      {
        "type": "Hex High Entropy String",
        "filename": "docs/evidence/main-ai-freeze.json",
        "hashed_secret": "1a314b10793bbba5242fde59894a734ce9c00c48",
        "is_verified": false,
        "line_number": 38,
        "is_secret": false
      },
      {
        "type": "Hex High Entropy String",
        "filename": "docs/evidence/main-ai-freeze.json",
        "hashed_secret": "f7b1a1ec330f9344ae0c469f51252b77bdf165d0",
        "is_verified": false,
        "line_number": 44,
        "is_secret": false
      },
      {
        "type": "Hex High Entropy String",
        "filename": "docs/evidence/main-ai-freeze.json",
        "hashed_secret": "d83bc663d6d26e699cee019eedb0a88c652d1222",
        "is_verified": false,
        "line_number": 50,
        "is_secret": false
      },
      {
        "type": "Hex High Entropy String",
        "filename": "docs/evidence/main-ai-freeze.json",
        "hashed_secret": "284389d3b81f66abfe9fa49d0753345638468d50",
        "is_verified": false,
        "line_number": 56,
        "is_secret": false
      },
      {
        "type": "Hex High Entropy String",
        "filename": "docs/evidence/main-ai-freeze.json",
        "hashed_secret": "e81d4ce5420ebf590713c65d9b319fce0df47e31",
        "is_verified": false,
        "line_number": 62,
        "is_secret": false
      },
      {
        "type": "Hex High Entropy String",
        "filename": "docs/evidence/main-ai-freeze.json",
        "hashed_secret": "c66fe17efdfea189531452f0c317d36c5348cd73",
        "is_verified": false,
        "line_number": 68,
        "is_secret": false
      },
      {
        "type": "Hex High Entropy String",
        "filename": "docs/evidence/main-ai-freeze.json",
        "hashed_secret": "f8824d3989190dd5ce63b2d85f78d49da36483f2",
        "is_verified": false,
        "line_number": 74,
        "is_secret": false
      },
      {
        "type": "Hex High Entropy String",
        "filename": "docs/evidence/main-ai-freeze.json",
        "hashed_secret": "7f7100281d815606d935551333a4d972b6d0c754",
        "is_verified": false,
        "line_number": 80,
        "is_secret": false
      },
      {
        "type": "Hex High Entropy String",
        "filename": "docs/evidence/main-ai-freeze.json",
        "hashed_secret": "45d1d8da1b59adaa32786df4f9612ca9b039bfc5",
        "is_verified": false,
        "line_number": 86,
        "is_secret": false
      },
      {
        "type": "Hex High Entropy String",
        "filename": "docs/evidence/main-ai-freeze.json",
        "hashed_secret": "1e8853ea5de81eaf531634cfc5d9a58b6b8e4fbe",
        "is_verified": false,
        "line_number": 92,
        "is_secret": false
      },
      {
        "type": "Hex High Entropy String",
        "filename": "docs/evidence/main-ai-freeze.json",
        "hashed_secret": "dba179f576d8e597f5c4231fc04fd7bb3aa61456",
        "is_verified": false,
        "line_number": 98,
        "is_secret": false
      },
      {
        "type": "Hex High Entropy String",
        "filename": "docs/evidence/main-ai-freeze.json",
        "hashed_secret": "ae6dbceb4fac16a6d804400e20702dcebeb5cb12",
        "is_verified": false,
        "line_number": 104,
        "is_secret": false
      },
      {
        "type": "Hex High Entropy String",
        "filename": "docs/evidence/main-ai-freeze.json",
        "hashed_secret": "8f2ca565d1ae8128ca83e5b4312afaefa40b95b2",
        "is_verified": false,
        "line_number": 110,
        "is_secret": false
      },
      {
        "type": "Hex High Entropy String",
        "filename": "docs/evidence/main-ai-freeze.json",
        "hashed_secret": "2fdd5fc116e535263743f32dd40a47adbd7c12cb",
        "is_verified": false,
        "line_number": 116,
        "is_secret": false
      },
      {
        "type": "Hex High Entropy String",
        "filename": "docs/evidence/main-ai-freeze.json",
        "hashed_secret": "0da48ee1c45c3c82ffbf226fcf40fd07d8bff3b3",
        "is_verified": false,
        "line_number": 122,
        "is_secret": false
      },
      {
        "type": "Hex High Entropy String",
        "filename": "docs/evidence/main-ai-freeze.json",
        "hashed_secret": "e9465915523f4baa99e79466b25f606bc4d3e991",
        "is_verified": false,
        "line_number": 128,
        "is_secret": false
      },
      {
        "type": "Hex High Entropy String",
        "filename": "docs/evidence/main-ai-freeze.json",
        "hashed_secret": "f0af29bbf63ab694088906070912472fd5b26cc6",
        "is_verified": false,
        "line_number": 134,
        "is_secret": false
      },
      {
        "type": "Hex High Entropy String",
        "filename": "docs/evidence/main-ai-freeze.json",
        "hashed_secret": "09064b2a8583907e42108778cf6479df2265e993",
        "is_verified": false,
        "line_number": 140,
        "is_secret": false
      },
      {
        "type": "Hex High Entropy String",
        "filename": "docs/evidence/main-ai-freeze.json",
        "hashed_secret": "e45a8e90573525121f7c040471c66a5921acbed3",
        "is_verified": false,
        "line_number": 146,
        "is_secret": false
      },
      {
        "type": "Hex High Entropy String",
        "filename": "docs/evidence/main-ai-freeze.json",
        "hashed_secret": "f489e8cf1e01097c028c3a6fc06f677f2a2309cd",
        "is_verified": false,
        "line_number": 152,
        "is_secret": false
      },
      {
        "type": "Hex High Entropy String",
        "filename": "docs/evidence/main-ai-freeze.json",
        "hashed_secret": "9332d54a28332a75f4c89a5f128304a9224cdbc7",
        "is_verified": false,
        "line_number": 158,
        "is_secret": false
      },
      {
        "type": "Hex High Entropy String",
        "filename": "docs/evidence/main-ai-freeze.json",
        "hashed_secret": "d7bb7c292fcdba4d6b33198d6ca7d425b06408fe",
        "is_verified": false,
        "line_number": 164,
        "is_secret": false
      },
      {
        "type": "Hex High Entropy String",
        "filename": "docs/evidence/main-ai-freeze.json",
        "hashed_secret": "15f6c1ab6205effec749d85c8b20e0b9c051916b",
        "is_verified": false,
        "line_number": 170,
        "is_secret": false
      },
      {
        "type": "Hex High Entropy String",
        "filename": "docs/evidence/main-ai-freeze.json",
        "hashed_secret": "c82b6ebeac0d09707d95e7719492a17549ac5146",
        "is_verified": false,
        "line_number": 176,
        "is_secret": false
      },
      {
        "type": "Hex High Entropy String",
        "filename": "docs/evidence/main-ai-freeze.json",
        "hashed_secret": "1ae92cc3595a13aca211e2d4bfc3de410ddf989e",
        "is_verified": false,
        "line_number": 182,
        "is_secret": false
      },
      {
        "type": "Hex High Entropy String",
        "filename": "docs/evidence/main-ai-freeze.json",
        "hashed_secret": "72041851c351a50b8d1c5c2e8a82c27c59be7c6c",
        "is_verified": false,
        "line_number": 188,
        "is_secret": false
      },
      {
        "type": "Hex High Entropy String",
        "filename": "docs/evidence/main-ai-freeze.json",
        "hashed_secret": "560e4e400762d51b6a9b0bf5b0f958ff8020b01b",
        "is_verified": false,
        "line_number": 194,
        "is_secret": false
      },
      {
        "type": "Hex High Entropy String",
        "filename": "docs/evidence/main-ai-freeze.json",
        "hashed_secret": "e5a3bbdfa58fefca83bc48735f2b054b13e1b1cc",
        "is_verified": false,
        "line_number": 200,
        "is_secret": false
      },
      {
        "type": "Hex High Entropy String",
        "filename": "docs/evidence/main-ai-freeze.json",
        "hashed_secret": "961e171a984b1633ec0cd58b1265706caaf5e92a",
        "is_verified": false,
        "line_number": 206,
        "is_secret": false
      },
      {
        "type": "Hex High Entropy String",
        "filename": "docs/evidence/main-ai-freeze.json",
        "hashed_secret": "2dc583e0d3f84a7052a6a3667a21f55cb6d27a99",
        "is_verified": false,
        "line_number": 212,
        "is_secret": false
      },
      {
        "type": "Hex High Entropy String",
        "filename": "docs/evidence/main-ai-freeze.json",
        "hashed_secret": "6b570ec693c7558a817ca00027da7a27b84f8c2c",
        "is_verified": false,
        "line_number": 218,
        "is_secret": false
      },
      {
        "type": "Hex High Entropy String",
        "filename": "docs/evidence/main-ai-freeze.json",
        "hashed_secret": "e2f0c6d829a7f6aa382d46d0ad88146913da2864",
        "is_verified": false,
        "line_number": 224,
        "is_secret": false
      },
      {
        "type": "Hex High Entropy String",
        "filename": "docs/evidence/main-ai-freeze.json",
        "hashed_secret": "bcb83843e3776f7a64f1e7a44ca98bfa20ce471f",
        "is_verified": false,
        "line_number": 230,
        "is_secret": false
      },
      {
        "type": "Hex High Entropy String",
        "filename": "docs/evidence/main-ai-freeze.json",
        "hashed_secret": "6fd0c353ddd783c8f7d2901ca0d5bcb489df0a38",
        "is_verified": false,
        "line_number": 236,
        "is_secret": false
      },
      {
        "type": "Hex High Entropy String",
        "filename": "docs/evidence/main-ai-freeze.json",
        "hashed_secret": "36e901ee184ff9f4748c3c6ef9fb54cd89cda2ca",
        "is_verified": false,
        "line_number": 242,
        "is_secret": false
      },
      {
        "type": "Hex High Entropy String",
        "filename": "docs/evidence/main-ai-freeze.json",
        "hashed_secret": "15d673c56b72dc39b44d1c10ae60dc2f7fc96c6c",
        "is_verified": false,
        "line_number": 248,
        "is_secret": false
      },
      {
        "type": "Hex High Entropy String",
        "filename": "docs/evidence/main-ai-freeze.json",
        "hashed_secret": "0028bb15504f3bc7c0a0e88be439655310fae7e0",
        "is_verified": false,
        "line_number": 254,
        "is_secret": false
      },
      {
        "type": "Hex High Entropy String",
        "filename": "docs/evidence/main-ai-freeze.json",
        "hashed_secret": "ebc236b222878f803926238a16f7091c464f4338",
        "is_verified": false,
        "line_number": 260,
        "is_secret": false
      },
      {
        "type": "Hex High Entropy String",
        "filename": "docs/evidence/main-ai-freeze.json",
        "hashed_secret": "a5c1c34550bf062392bde8e92f32fd15ff7ab896",
        "is_verified": false,
        "line_number": 266,
        "is_secret": false
      },
      {
        "type": "Hex High Entropy String",
        "filename": "docs/evidence/main-ai-freeze.json",
        "hashed_secret": "215e7322bcfd39933d8db87ce62bf5090d15ab0a",
        "is_verified": false,
        "line_number": 272,
        "is_secret": false
      },
      {
        "type": "Hex High Entropy String",
        "filename": "docs/evidence/main-ai-freeze.json",
        "hashed_secret": "cc1fecb63351e124dc6951f532f106ec83859f02",
        "is_verified": false,
        "line_number": 278,
        "is_secret": false
      },
      {
        "type": "Hex High Entropy String",
        "filename": "docs/evidence/main-ai-freeze.json",
        "hashed_secret": "535ef26a6ffda49126e644a22d819cc1b4152369",
        "is_verified": false,
        "line_number": 284,
        "is_secret": false
      },
      {
        "type": "Hex High Entropy String",
        "filename": "docs/evidence/main-ai-freeze.json",
        "hashed_secret": "57031fde18d34b5ba3d7070138a451aaccdec7e4",
        "is_verified": false,
        "line_number": 290,
        "is_secret": false
      },
      {
        "type": "Hex High Entropy String",
        "filename": "docs/evidence/main-ai-freeze.json",
        "hashed_secret": "5f73d83a405b3b02942c9546aea12f2f797b42e4",
        "is_verified": false,
        "line_number": 296,
        "is_secret": false
      },
      {
        "type": "Hex High Entropy String",
        "filename": "docs/evidence/main-ai-freeze.json",
        "hashed_secret": "9e1c9d4c253431f7ca0f475bc48c46a87257784e",
        "is_verified": false,
        "line_number": 302,
        "is_secret": false
      },
      {
        "type": "Hex High Entropy String",
        "filename": "docs/evidence/main-ai-freeze.json",
        "hashed_secret": "b006936f2a651112ddf8127e1c5e38460dccaa7c",
        "is_verified": false,
        "line_number": 308,
        "is_secret": false
      },
      {
        "type": "Hex High Entropy String",
        "filename": "docs/evidence/main-ai-freeze.json",
        "hashed_secret": "12632ad8f1a974cd512a7fcc27a284a1c74c79e1",
        "is_verified": false,
        "line_number": 314,
        "is_secret": false
      },
      {
        "type": "Hex High Entropy String",
        "filename": "docs/evidence/main-ai-freeze.json",
        "hashed_secret": "33274eb5ba7e5ce65378f1c8298a66eb7dd2b8f6",
        "is_verified": false,
        "line_number": 320,
        "is_secret": false
      },
      {
        "type": "Hex High Entropy String",
        "filename": "docs/evidence/main-ai-freeze.json",
        "hashed_secret": "0326ff46b479c929232fe754e7046e641f50dbc0",
        "is_verified": false,
        "line_number": 326,
        "is_secret": false
      },
      {
        "type": "Hex High Entropy String",
        "filename": "docs/evidence/main-ai-freeze.json",
        "hashed_secret": "bf9a4b35abacffeb0dbab994c5eceeb6c3a98a61",
        "is_verified": false,
        "line_number": 332,
        "is_secret": false
      },
      {
        "type": "Hex High Entropy String",
        "filename": "docs/evidence/main-ai-freeze.json",
        "hashed_secret": "0a8acca6b510e1667aa4f781a0107b7873afcfc3",
        "is_verified": false,
        "line_number": 338,
        "is_secret": false
      },
      {
        "type": "Hex High Entropy String",
        "filename": "docs/evidence/main-ai-freeze.json",
        "hashed_secret": "426d0b5de430803574c577d5ab893e49c1cb5230",
        "is_verified": false,
        "line_number": 344,
        "is_secret": false
      },
      {
        "type": "Hex High Entropy String",
        "filename": "docs/evidence/main-ai-freeze.json",
        "hashed_secret": "f464b1f1fdbe83245a72c6316a5ad9ce273cf1ca",
        "is_verified": false,
        "line_number": 350,
        "is_secret": false
      },
      {
        "type": "Hex High Entropy String",
        "filename": "docs/evidence/main-ai-freeze.json",
        "hashed_secret": "929f8d16d37e2e355e959c385536c6be81805855",
        "is_verified": false,
        "line_number": 356,
        "is_secret": false
      },
      {
        "type": "Hex High Entropy String",
        "filename": "docs/evidence/main-ai-freeze.json",
        "hashed_secret": "88428945ba48ec017544c2e783371e3ab986d852",
        "is_verified": false,
        "line_number": 362,
        "is_secret": false
      },
      {
        "type": "Hex High Entropy String",
        "filename": "docs/evidence/main-ai-freeze.json",
        "hashed_secret": "3e0d92866e53879838b14685dd5acad453303c87",
        "is_verified": false,
        "line_number": 368,
        "is_secret": false
      }
    ],
    "docs/evidence/market-data-activation.md": [
      {
        "type": "Hex High Entropy String",
        "filename": "docs/evidence/market-data-activation.md",
        "hashed_secret": "4bba11d9a6f62dbc922f795983acec2fde269c36",
        "is_verified": false,
        "line_number": 114,
        "is_secret": false
      }
    ],
    "docs/evidence/market-data-release-166ce790b282.json": [
      {
        "type": "Base64 High Entropy String",
        "filename": "docs/evidence/market-data-release-166ce790b282.json",
        "hashed_secret": "268ca4b073abb7d4c1f40aadf92cbd8256a53238",
        "is_verified": false,
        "line_number": 13,
        "is_secret": false
      },
      {
        "type": "Hex High Entropy String",
        "filename": "docs/evidence/market-data-release-166ce790b282.json",
        "hashed_secret": "cbe1afedd281a9cac248b727c2e55dcf46b2399a",
        "is_verified": false,
        "line_number": 199,
        "is_secret": false
      },
      {
        "type": "Hex High Entropy String",
        "filename": "docs/evidence/market-data-release-166ce790b282.json",
        "hashed_secret": "ff9237eb6e674e03ddf3e5e5762172e80582a4ad",
        "is_verified": false,
        "line_number": 206,
        "is_secret": false
      },
      {
        "type": "Hex High Entropy String",
        "filename": "docs/evidence/market-data-release-166ce790b282.json",
        "hashed_secret": "ce5cc8fa3d6ad0792bf6bbcdab074db1df545907",
        "is_verified": false,
        "line_number": 212,
        "is_secret": false
      },
      {
        "type": "Hex High Entropy String",
        "filename": "docs/evidence/market-data-release-166ce790b282.json",
        "hashed_secret": "560e4e400762d51b6a9b0bf5b0f958ff8020b01b",
        "is_verified": false,
        "line_number": 213,
        "is_secret": false
      },
      {
        "type": "Hex High Entropy String",
        "filename": "docs/evidence/market-data-release-166ce790b282.json",
        "hashed_secret": "6b570ec693c7558a817ca00027da7a27b84f8c2c",
        "is_verified": false,
        "line_number": 214,
        "is_secret": false
      },
      {
        "type": "Hex High Entropy String",
        "filename": "docs/evidence/market-data-release-166ce790b282.json",
        "hashed_secret": "e5a3bbdfa58fefca83bc48735f2b054b13e1b1cc",
        "is_verified": false,
        "line_number": 215,
        "is_secret": false
      },
      {
        "type": "Hex High Entropy String",
        "filename": "docs/evidence/market-data-release-166ce790b282.json",
        "hashed_secret": "961e171a984b1633ec0cd58b1265706caaf5e92a",
        "is_verified": false,
        "line_number": 216,
        "is_secret": false
      },
      {
        "type": "Hex High Entropy String",
        "filename": "docs/evidence/market-data-release-166ce790b282.json",
        "hashed_secret": "bcb83843e3776f7a64f1e7a44ca98bfa20ce471f",
        "is_verified": false,
        "line_number": 217,
        "is_secret": false
      },
      {
        "type": "Hex High Entropy String",
        "filename": "docs/evidence/market-data-release-166ce790b282.json",
        "hashed_secret": "e2f0c6d829a7f6aa382d46d0ad88146913da2864",
        "is_verified": false,
        "line_number": 218,
        "is_secret": false
      },
      {
        "type": "Hex High Entropy String",
        "filename": "docs/evidence/market-data-release-166ce790b282.json",
        "hashed_secret": "6fd0c353ddd783c8f7d2901ca0d5bcb489df0a38",
        "is_verified": false,
        "line_number": 219,
        "is_secret": false
      },
      {
        "type": "Hex High Entropy String",
        "filename": "docs/evidence/market-data-release-166ce790b282.json",
        "hashed_secret": "2dc583e0d3f84a7052a6a3667a21f55cb6d27a99",
        "is_verified": false,
        "line_number": 220,
        "is_secret": false
      },
      {
        "type": "Hex High Entropy String",
        "filename": "docs/evidence/market-data-release-166ce790b282.json",
        "hashed_secret": "984250443afec21bb25837e2e3bd2373fc5acbda",
        "is_verified": false,
        "line_number": 221,
        "is_secret": false
      },
      {
        "type": "Hex High Entropy String",
        "filename": "docs/evidence/market-data-release-166ce790b282.json",
        "hashed_secret": "74b63b03262c5b2d62f385e43384df1b28adb7fa",
        "is_verified": false,
        "line_number": 222,
        "is_secret": false
      },
      {
        "type": "Hex High Entropy String",
        "filename": "docs/evidence/market-data-release-166ce790b282.json",
        "hashed_secret": "4c5b9e02263d55a2bf89df809ce430df0072f061",
        "is_verified": false,
        "line_number": 223,
        "is_secret": false
      },
      {
        "type": "Hex High Entropy String",
        "filename": "docs/evidence/market-data-release-166ce790b282.json",
        "hashed_secret": "8ee22918bbc5f8284de45002ed1334cd08ec2979",
        "is_verified": false,
        "line_number": 224,
        "is_secret": false
      },
      {
        "type": "Hex High Entropy String",
        "filename": "docs/evidence/market-data-release-166ce790b282.json",
        "hashed_secret": "a88bbaf4cd6ed4048dd368e8bf06d828b5dfca65",
        "is_verified": false,
        "line_number": 225,
        "is_secret": false
      },
      {
        "type": "Hex High Entropy String",
        "filename": "docs/evidence/market-data-release-166ce790b282.json",
        "hashed_secret": "7f362b919c50b67a053c7272b1ad54f27f043b17",
        "is_verified": false,
        "line_number": 226,
        "is_secret": false
      },
      {
        "type": "Hex High Entropy String",
        "filename": "docs/evidence/market-data-release-166ce790b282.json",
        "hashed_secret": "fae6e1f08474fb7f1a99cd0b907abc513acd2293",
        "is_verified": false,
        "line_number": 227,
        "is_secret": false
      },
      {
        "type": "Hex High Entropy String",
        "filename": "docs/evidence/market-data-release-166ce790b282.json",
        "hashed_secret": "0c4d83aa5aa809ebaef8b6abc85ab5f9d37fc130",
        "is_verified": false,
        "line_number": 228,
        "is_secret": false
      },
      {
        "type": "Hex High Entropy String",
        "filename": "docs/evidence/market-data-release-166ce790b282.json",
        "hashed_secret": "05a099a4cd0c03a7a124bc10954cbd8c25702bdc",
        "is_verified": false,
        "line_number": 229,
        "is_secret": false
      },
      {
        "type": "Hex High Entropy String",
        "filename": "docs/evidence/market-data-release-166ce790b282.json",
        "hashed_secret": "297baf44f796cdb5f23caaaefa5bb04da24755f2",
        "is_verified": false,
        "line_number": 230,
        "is_secret": false
      },
      {
        "type": "Hex High Entropy String",
        "filename": "docs/evidence/market-data-release-166ce790b282.json",
        "hashed_secret": "a888d05f86d30920b555747caa819a01a1195902",
        "is_verified": false,
        "line_number": 231,
        "is_secret": false
      },
      {
        "type": "Hex High Entropy String",
        "filename": "docs/evidence/market-data-release-166ce790b282.json",
        "hashed_secret": "cb04b345fc3b78bd28bae421139fd0cf98eb2373",
        "is_verified": false,
        "line_number": 232,
        "is_secret": false
      },
      {
        "type": "Hex High Entropy String",
        "filename": "docs/evidence/market-data-release-166ce790b282.json",
        "hashed_secret": "17d4be005478cd92e2a7add5de382a0d66e87eca",
        "is_verified": false,
        "line_number": 233,
        "is_secret": false
      },
      {
        "type": "Hex High Entropy String",
        "filename": "docs/evidence/market-data-release-166ce790b282.json",
        "hashed_secret": "961a852c7e7470213188e811dc996ad67300c120",
        "is_verified": false,
        "line_number": 234,
        "is_secret": false
      },
      {
        "type": "Hex High Entropy String",
        "filename": "docs/evidence/market-data-release-166ce790b282.json",
        "hashed_secret": "8cce7aa665551a2c2a5c4e279bcbe11cb14c7d1b",
        "is_verified": false,
        "line_number": 235,
        "is_secret": false
      },
      {
        "type": "Hex High Entropy String",
        "filename": "docs/evidence/market-data-release-166ce790b282.json",
        "hashed_secret": "d500dbb69f3b4001b3fb31597ba833b354e2ea53",
        "is_verified": false,
        "line_number": 236,
        "is_secret": false
      },
      {
        "type": "Hex High Entropy String",
        "filename": "docs/evidence/market-data-release-166ce790b282.json",
        "hashed_secret": "b8603317c01a7e2ed256a7edd0fe69d15ca881ac",
        "is_verified": false,
        "line_number": 237,
        "is_secret": false
      },
      {
        "type": "Hex High Entropy String",
        "filename": "docs/evidence/market-data-release-166ce790b282.json",
        "hashed_secret": "6b28c8611e5dee098056e3b827069de4edb5b75e",
        "is_verified": false,
        "line_number": 238,
        "is_secret": false
      },
      {
        "type": "Hex High Entropy String",
        "filename": "docs/evidence/market-data-release-166ce790b282.json",
        "hashed_secret": "d691696b6a43757d9faf4eaa8e4e378d6b1db235",
        "is_verified": false,
        "line_number": 239,
        "is_secret": false
      },
      {
        "type": "Hex High Entropy String",
        "filename": "docs/evidence/market-data-release-166ce790b282.json",
        "hashed_secret": "4faad9ecba3f8fd278726fba3485f46f35767184",
        "is_verified": false,
        "line_number": 240,
        "is_secret": false
      },
      {
        "type": "Hex High Entropy String",
        "filename": "docs/evidence/market-data-release-166ce790b282.json",
        "hashed_secret": "edfc3bffd605ad21623a1bc16636f44065201112",
        "is_verified": false,
        "line_number": 241,
        "is_secret": false
      },
      {
        "type": "Hex High Entropy String",
        "filename": "docs/evidence/market-data-release-166ce790b282.json",
        "hashed_secret": "708e3e73b94e28b434a9de206324cd5ccc03faa6",
        "is_verified": false,
        "line_number": 242,
        "is_secret": false
      },
      {
        "type": "Hex High Entropy String",
        "filename": "docs/evidence/market-data-release-166ce790b282.json",
        "hashed_secret": "af5365217241a9bd54bd1c56e1324385d9de499d",
        "is_verified": false,
        "line_number": 243,
        "is_secret": false
      },
      {
        "type": "Hex High Entropy String",
        "filename": "docs/evidence/market-data-release-166ce790b282.json",
        "hashed_secret": "ecfd0e4df701e73fa208ee134531e4eb7fe3b8e1",
        "is_verified": false,
        "line_number": 244,
        "is_secret": false
      },
      {
        "type": "Hex High Entropy String",
        "filename": "docs/evidence/market-data-release-166ce790b282.json",
        "hashed_secret": "068e1e82e708ba07a97933054c0250f05970436a",
        "is_verified": false,
        "line_number": 245,
        "is_secret": false
      },
      {
        "type": "Hex High Entropy String",
        "filename": "docs/evidence/market-data-release-166ce790b282.json",
        "hashed_secret": "5d41903610119a4fea92b701b5190b89c66f00eb",
        "is_verified": false,
        "line_number": 246,
        "is_secret": false
      },
      {
        "type": "Hex High Entropy String",
        "filename": "docs/evidence/market-data-release-166ce790b282.json",
        "hashed_secret": "a1d913745d4da8a1a925b491e67e079fefe1a884",
        "is_verified": false,
        "line_number": 247,
        "is_secret": false
      },
      {
        "type": "Hex High Entropy String",
        "filename": "docs/evidence/market-data-release-166ce790b282.json",
        "hashed_secret": "ce56cc98ece2876a5ff4834ccdfad4016bd91881",
        "is_verified": false,
        "line_number": 248,
        "is_secret": false
      },
      {
        "type": "Hex High Entropy String",
        "filename": "docs/evidence/market-data-release-166ce790b282.json",
        "hashed_secret": "cc636868c56e9938e9cbe2f7e24d9b9d88502fc4",
        "is_verified": false,
        "line_number": 249,
        "is_secret": false
      },
      {
        "type": "Hex High Entropy String",
        "filename": "docs/evidence/market-data-release-166ce790b282.json",
        "hashed_secret": "e85a00d3906afefa9c26ca48bb0e201bda43a902",
        "is_verified": false,
        "line_number": 250,
        "is_secret": false
      },
      {
        "type": "Hex High Entropy String",
        "filename": "docs/evidence/market-data-release-166ce790b282.json",
        "hashed_secret": "9367caf8ba22fff3de83f7f705738db3ca54d2c1",
        "is_verified": false,
        "line_number": 251,
        "is_secret": false
      },
      {
        "type": "Hex High Entropy String",
        "filename": "docs/evidence/market-data-release-166ce790b282.json",
        "hashed_secret": "055d5746fb60d445317ae1c232ed31ebd57e5966",
        "is_verified": false,
        "line_number": 252,
        "is_secret": false
      },
      {
        "type": "Hex High Entropy String",
        "filename": "docs/evidence/market-data-release-166ce790b282.json",
        "hashed_secret": "8d25fccaff65aa5ff925c47634b6d64ba2031460",
        "is_verified": false,
        "line_number": 253,
        "is_secret": false
      },
      {
        "type": "Hex High Entropy String",
        "filename": "docs/evidence/market-data-release-166ce790b282.json",
        "hashed_secret": "d25df6029de6ed4651f76ebad1926d980c9b748e",
        "is_verified": false,
        "line_number": 254,
        "is_secret": false
      },
      {
        "type": "Hex High Entropy String",
        "filename": "docs/evidence/market-data-release-166ce790b282.json",
        "hashed_secret": "c76e41dd9993245e129e94eea6bf8639d65e3ea2",
        "is_verified": false,
        "line_number": 255,
        "is_secret": false
      },
      {
        "type": "Hex High Entropy String",
        "filename": "docs/evidence/market-data-release-166ce790b282.json",
        "hashed_secret": "98a86b68c678d9d0156e6f02b7be0261f36c68ff",
        "is_verified": false,
        "line_number": 256,
        "is_secret": false
      },
      {
        "type": "Hex High Entropy String",
        "filename": "docs/evidence/market-data-release-166ce790b282.json",
        "hashed_secret": "e0c44a787dca649db6ecb5cd0a95c3e7bf0df252",
        "is_verified": false,
        "line_number": 257,
        "is_secret": false
      },
      {
        "type": "Hex High Entropy String",
        "filename": "docs/evidence/market-data-release-166ce790b282.json",
        "hashed_secret": "a24f6470c4553c3f76cd2f05bad46d48330574dc",
        "is_verified": false,
        "line_number": 258,
        "is_secret": false
      },
      {
        "type": "Hex High Entropy String",
        "filename": "docs/evidence/market-data-release-166ce790b282.json",
        "hashed_secret": "1ad6385937bc04f71de13e2901fd865538976dd3",
        "is_verified": false,
        "line_number": 259,
        "is_secret": false
      },
      {
        "type": "Hex High Entropy String",
        "filename": "docs/evidence/market-data-release-166ce790b282.json",
        "hashed_secret": "36e901ee184ff9f4748c3c6ef9fb54cd89cda2ca",
        "is_verified": false,
        "line_number": 260,
        "is_secret": false
      },
      {
        "type": "Hex High Entropy String",
        "filename": "docs/evidence/market-data-release-166ce790b282.json",
        "hashed_secret": "e67aba4e1ec0094c25ec888bb9b9eba1db57e210",
        "is_verified": false,
        "line_number": 261,
        "is_secret": false
      },
      {
        "type": "Hex High Entropy String",
        "filename": "docs/evidence/market-data-release-166ce790b282.json",
        "hashed_secret": "bf0062533bbaf41de1560f7e506d068c70e0d772",
        "is_verified": false,
        "line_number": 262,
        "is_secret": false
      },
      {
        "type": "Hex High Entropy String",
        "filename": "docs/evidence/market-data-release-166ce790b282.json",
        "hashed_secret": "f5297b97081865550474727e7b99f6effe0118dc",
        "is_verified": false,
        "line_number": 263,
        "is_secret": false
      },
      {
        "type": "Hex High Entropy String",
        "filename": "docs/evidence/market-data-release-166ce790b282.json",
        "hashed_secret": "6c9c94eadcf43c69e181b6dd4b899ab791986d15",
        "is_verified": false,
        "line_number": 264,
        "is_secret": false
      },
      {
        "type": "Hex High Entropy String",
        "filename": "docs/evidence/market-data-release-166ce790b282.json",
        "hashed_secret": "cac6696c747beb63e38602f259aa62a1de222aac",
        "is_verified": false,
        "line_number": 265,
        "is_secret": false
      },
      {
        "type": "Hex High Entropy String",
        "filename": "docs/evidence/market-data-release-166ce790b282.json",
        "hashed_secret": "618ab6e66a71e0f73bd2778baeff019cc1db084f",
        "is_verified": false,
        "line_number": 266,
        "is_secret": false
      },
      {
        "type": "Hex High Entropy String",
        "filename": "docs/evidence/market-data-release-166ce790b282.json",
        "hashed_secret": "a65d97e6de50ee916f52ba27028bfd61268e1e14",
        "is_verified": false,
        "line_number": 267,
        "is_secret": false
      },
      {
        "type": "Hex High Entropy String",
        "filename": "docs/evidence/market-data-release-166ce790b282.json",
        "hashed_secret": "d2702ddc9a679ff0d9da0d8e53f282060829262a",
        "is_verified": false,
        "line_number": 268,
        "is_secret": false
      },
      {
        "type": "Hex High Entropy String",
        "filename": "docs/evidence/market-data-release-166ce790b282.json",
        "hashed_secret": "6d796e63dbbca4dde8c50e27b8a1f6b59539f70f",
        "is_verified": false,
        "line_number": 269,
        "is_secret": false
      },
      {
        "type": "Hex High Entropy String",
        "filename": "docs/evidence/market-data-release-166ce790b282.json",
        "hashed_secret": "e6e0878bcd791bbcde4eb10a99c07acda21dfe6f",
        "is_verified": false,
        "line_number": 270,
        "is_secret": false
      },
      {
        "type": "Hex High Entropy String",
        "filename": "docs/evidence/market-data-release-166ce790b282.json",
        "hashed_secret": "8f4c8879b9a5517a87ce7f7fe7d87a9a8e68378b",
        "is_verified": false,
        "line_number": 271,
        "is_secret": false
      },
      {
        "type": "Hex High Entropy String",
        "filename": "docs/evidence/market-data-release-166ce790b282.json",
        "hashed_secret": "0028bb15504f3bc7c0a0e88be439655310fae7e0",
        "is_verified": false,
        "line_number": 272,
        "is_secret": false
      },
      {
        "type": "Hex High Entropy String",
        "filename": "docs/evidence/market-data-release-166ce790b282.json",
        "hashed_secret": "d1588e45451c00a2cd3f5c2bf1234bcae1207e4c",
        "is_verified": false,
        "line_number": 273,
        "is_secret": false
      },
      {
        "type": "Hex High Entropy String",
        "filename": "docs/evidence/market-data-release-166ce790b282.json",
        "hashed_secret": "af11dc809d6dec5b44e9341b833de183692e39c7",
        "is_verified": false,
        "line_number": 274,
        "is_secret": false
      },
      {
        "type": "Hex High Entropy String",
        "filename": "docs/evidence/market-data-release-166ce790b282.json",
        "hashed_secret": "f771b12a62e9e443f4f1841463f022c62df4af02",
        "is_verified": false,
        "line_number": 275,
        "is_secret": false
      },
      {
        "type": "Hex High Entropy String",
        "filename": "docs/evidence/market-data-release-166ce790b282.json",
        "hashed_secret": "ef4583c307851b8dcf418ec78b0a7ef98d20f2dc",
        "is_verified": false,
        "line_number": 276,
        "is_secret": false
      },
      {
        "type": "Hex High Entropy String",
        "filename": "docs/evidence/market-data-release-166ce790b282.json",
        "hashed_secret": "a52fbec185d9f03dc1aae6950e14e2ea1995e773",
        "is_verified": false,
        "line_number": 277,
        "is_secret": false
      },
      {
        "type": "Hex High Entropy String",
        "filename": "docs/evidence/market-data-release-166ce790b282.json",
        "hashed_secret": "688b276b13f2e944933d65691a9173ff9b41abe9",
        "is_verified": false,
        "line_number": 278,
        "is_secret": false
      },
      {
        "type": "Hex High Entropy String",
        "filename": "docs/evidence/market-data-release-166ce790b282.json",
        "hashed_secret": "7b9f31fe89d3f2f5d182c41c94bfbabc63b892e2",
        "is_verified": false,
        "line_number": 279,
        "is_secret": false
      },
      {
        "type": "Hex High Entropy String",
        "filename": "docs/evidence/market-data-release-166ce790b282.json",
        "hashed_secret": "703d4a9afbdfc411d1f3e02d99b9d68dafc72199",
        "is_verified": false,
        "line_number": 280,
        "is_secret": false
      },
      {
        "type": "Hex High Entropy String",
        "filename": "docs/evidence/market-data-release-166ce790b282.json",
        "hashed_secret": "15a8530540332aca5beecd3c66ba8a3057c309c8",
        "is_verified": false,
        "line_number": 281,
        "is_secret": false
      },
      {
        "type": "Hex High Entropy String",
        "filename": "docs/evidence/market-data-release-166ce790b282.json",
        "hashed_secret": "db3669a01272029731a08eb13d7973629585dbd5",
        "is_verified": false,
        "line_number": 282,
        "is_secret": false
      },
      {
        "type": "Hex High Entropy String",
        "filename": "docs/evidence/market-data-release-166ce790b282.json",
        "hashed_secret": "cbd14eba8e8133a1e324f4ade980d590bdec42ff",
        "is_verified": false,
        "line_number": 283,
        "is_secret": false
      },
      {
        "type": "Hex High Entropy String",
        "filename": "docs/evidence/market-data-release-166ce790b282.json",
        "hashed_secret": "7b2eca3e453ac777f609e806969427d188ea10e4",
        "is_verified": false,
        "line_number": 284,
        "is_secret": false
      },
      {
        "type": "Hex High Entropy String",
        "filename": "docs/evidence/market-data-release-166ce790b282.json",
        "hashed_secret": "1dc51de0d874e18705673a3987a9e20dd9854749",
        "is_verified": false,
        "line_number": 285,
        "is_secret": false
      },
      {
        "type": "Hex High Entropy String",
        "filename": "docs/evidence/market-data-release-166ce790b282.json",
        "hashed_secret": "dc1201fb2afeb9df330fe8c42ac8036054f3680d",
        "is_verified": false,
        "line_number": 286,
        "is_secret": false
      },
      {
        "type": "Hex High Entropy String",
        "filename": "docs/evidence/market-data-release-166ce790b282.json",
        "hashed_secret": "583a16f5e063520b312c5799f2118b69b3d57bc5",
        "is_verified": false,
        "line_number": 287,
        "is_secret": false
      },
      {
        "type": "Hex High Entropy String",
        "filename": "docs/evidence/market-data-release-166ce790b282.json",
        "hashed_secret": "4a3352c633f12cd48ee26643956423997f1860fe",
        "is_verified": false,
        "line_number": 288,
        "is_secret": false
      },
      {
        "type": "Hex High Entropy String",
        "filename": "docs/evidence/market-data-release-166ce790b282.json",
        "hashed_secret": "e448bfa03bac99998e327b68e21abf25bad66010",
        "is_verified": false,
        "line_number": 289,
        "is_secret": false
      },
      {
        "type": "Hex High Entropy String",
        "filename": "docs/evidence/market-data-release-166ce790b282.json",
        "hashed_secret": "15d673c56b72dc39b44d1c10ae60dc2f7fc96c6c",
        "is_verified": false,
        "line_number": 290,
        "is_secret": false
      }
    ],
    "docs/evidence/non-ai-freeze-baseline.json": [
      {
        "type": "Hex High Entropy String",
        "filename": "docs/evidence/non-ai-freeze-baseline.json",
        "hashed_secret": "ff9237eb6e674e03ddf3e5e5762172e80582a4ad",
        "is_verified": false,
        "line_number": 2,
        "is_secret": false
      },
      {
        "type": "Hex High Entropy String",
        "filename": "docs/evidence/non-ai-freeze-baseline.json",
        "hashed_secret": "f038cdd93222f8ecf8cbdbf4eabe6513cbfd1cb9",
        "is_verified": false,
        "line_number": 4,
        "is_secret": false
      },
      {
        "type": "Hex High Entropy String",
        "filename": "docs/evidence/non-ai-freeze-baseline.json",
        "hashed_secret": "b8603317c01a7e2ed256a7edd0fe69d15ca881ac",
        "is_verified": false,
        "line_number": 6,
        "is_secret": false
      },
      {
        "type": "Hex High Entropy String",
        "filename": "docs/evidence/non-ai-freeze-baseline.json",
        "hashed_secret": "f2a769a60578499f3e5e6afdfbcac9e05a7fcaf2",
        "is_verified": false,
        "line_number": 7,
        "is_secret": false
      }
    ],
    "docs/execution-plans/platform-core.md": [
      {
        "type": "Secret Keyword",
        "filename": "docs/execution-plans/platform-core.md",
        "hashed_secret": "09b9e33404c789829b65e056e967ab60d03fbf03",
        "is_verified": false,
        "line_number": 240
      }
    ],
    "docs/market_data_runbook.md": [
      {
        "type": "Basic Auth Credentials",
        "filename": "docs/market_data_runbook.md",
        "hashed_secret": "112bb791304791ddcf692e29fd5cf149b35fea37",
        "is_verified": false,
        "line_number": 90
      }
    ],
    "docs/security_architecture.md": [
      {
        "type": "Secret Keyword",
        "filename": "docs/security_architecture.md",
        "hashed_secret": "1ea7849b5735acca1b0494dbe306de9d000ae7a8",
        "is_verified": false,
        "line_number": 302
      },
      {
        "type": "Secret Keyword",
        "filename": "docs/security_architecture.md",
        "hashed_secret": "209203f14b112ebf0fc05e3860dfa37499ad40e6",
        "is_verified": false,
        "line_number": 506
      }
    ],
    "docs/testing-strategy.md": [
      {
        "type": "Basic Auth Credentials",
        "filename": "docs/testing-strategy.md",
        "hashed_secret": "529c5143adaa63cae624b10a0ff1a1c9b9c4d941",
        "is_verified": false,
        "line_number": 64
      }
    ],
    "src/adaptive_trader/collection/credentials.py": [
      {
        "type": "Secret Keyword",
        "filename": "src/adaptive_trader/collection/credentials.py",
        "hashed_secret": "8aef83b56249c716c86cebf611cdd29d9d791b06",
        "is_verified": false,
        "line_number": 12
      },
      {
        "type": "Secret Keyword",
        "filename": "src/adaptive_trader/collection/credentials.py",
        "hashed_secret": "3009a253c55bf641a53331b7af93ef66bc5f8001",
        "is_verified": false,
        "line_number": 13
      }
    ],
    "src/adaptive_trader/constants.py": [
      {
        "type": "Secret Keyword",
        "filename": "src/adaptive_trader/constants.py",
        "hashed_secret": "ba3de014559ea8f01a2a0ed549ceee256522c22d",
        "is_verified": false,
        "line_number": 11
      },
      {
        "type": "Secret Keyword",
        "filename": "src/adaptive_trader/constants.py",
        "hashed_secret": "e60470c120947b6bf199bb10f47a983ebaa2f467",
        "is_verified": false,
        "line_number": 12
      }
    ],
    "src/adaptive_trader/platform/config.py": [
      {
        "type": "Secret Keyword",
        "filename": "src/adaptive_trader/platform/config.py",
        "hashed_secret": "576e256cdd06ad5b79ed1a074f4d0f221b9145e9",
        "is_verified": false,
        "line_number": 1215
      },
      {
        "type": "Secret Keyword",
        "filename": "src/adaptive_trader/platform/config.py",
        "hashed_secret": "e94f0382f0c397bc8743c638bbf10f6fca5b15da",
        "is_verified": false,
        "line_number": 1216
      },
      {
        "type": "Secret Keyword",
        "filename": "src/adaptive_trader/platform/config.py",
        "hashed_secret": "8401ba8ceca0ab47cb4d0e86189b2fbe43c3a21d",
        "is_verified": false,
        "line_number": 1217
      },
      {
        "type": "Secret Keyword",
        "filename": "src/adaptive_trader/platform/config.py",
        "hashed_secret": "d6150e518e50e47dd91ce5fcc4767efc4b6b1cf8",
        "is_verified": false,
        "line_number": 1218
      }
    ],
    "src/adaptive_trader/platform/security.py": [
      {
        "type": "Secret Keyword",
        "filename": "src/adaptive_trader/platform/security.py",
        "hashed_secret": "fe86558143c0bd528f649a153bdc32b8fa90301c",
        "is_verified": false,
        "line_number": 27
      },
      {
        "type": "Secret Keyword",
        "filename": "src/adaptive_trader/platform/security.py",
        "hashed_secret": "0c709a918132f1ff66ea34985f83680baf6377a4",
        "is_verified": false,
        "line_number": 50
      },
      {
        "type": "Secret Keyword",
        "filename": "src/adaptive_trader/platform/security.py",
        "hashed_secret": "c89fb724ad0191a9c0f027fdd830571a813df873",
        "is_verified": false,
        "line_number": 51
      },
      {
        "type": "Secret Keyword",
        "filename": "src/adaptive_trader/platform/security.py",
        "hashed_secret": "d51674cbbb24122b2c7cd7759c75782fe131d524",
        "is_verified": false,
        "line_number": 52
      },
      {
        "type": "Secret Keyword",
        "filename": "src/adaptive_trader/platform/security.py",
        "hashed_secret": "1ea7849b5735acca1b0494dbe306de9d000ae7a8",
        "is_verified": false,
        "line_number": 53
      }
    ],
    "tests/safety/test_static_repository_safety.py": [
      {
        "type": "Secret Keyword",
        "filename": "tests/safety/test_static_repository_safety.py",
        "hashed_secret": "fb559e88c9c227da50dcb19ef2a6297117c9a61f",
        "is_verified": false,
        "line_number": 106
      },
      {
        "type": "Secret Keyword",
        "filename": "tests/safety/test_static_repository_safety.py",
        "hashed_secret": "053377619435081bbdbed7920dad4984963830a9",
        "is_verified": false,
        "line_number": 107
      }
    ],
    "tests/test_collection_alpaca.py": [
      {
        "type": "Secret Keyword",
        "filename": "tests/test_collection_alpaca.py",
        "hashed_secret": "e409369242a80e4217a183e7fe6065c2b7d7ebed",
        "is_verified": false,
        "line_number": 640
      }
    ],
    "tests/test_collection_contracts.py": [
      {
        "type": "Hex High Entropy String",
        "filename": "tests/test_collection_contracts.py",
        "hashed_secret": "d74fb8a719313317ddbfc2632513c0beadb32dac",
        "is_verified": false,
        "line_number": 100
      }
    ],
    "tests/test_collection_credentials.py": [
      {
        "type": "Secret Keyword",
        "filename": "tests/test_collection_credentials.py",
        "hashed_secret": "ef0366ae81d45637676c0e35dbd921d9bf704f41",
        "is_verified": false,
        "line_number": 27
      },
      {
        "type": "Secret Keyword",
        "filename": "tests/test_collection_credentials.py",
        "hashed_secret": "79a46ed4408fd14901f00eff2389029f712af4f6",
        "is_verified": false,
        "line_number": 28
      },
      {
        "type": "Secret Keyword",
        "filename": "tests/test_collection_credentials.py",
        "hashed_secret": "bf42aa09f00f14415ee0580ffe4666697eb93335",
        "is_verified": false,
        "line_number": 32
      },
      {
        "type": "Secret Keyword",
        "filename": "tests/test_collection_credentials.py",
        "hashed_secret": "968122792a06aff40be64ecbbab61f13d5141e38",
        "is_verified": false,
        "line_number": 33
      },
      {
        "type": "Secret Keyword",
        "filename": "tests/test_collection_credentials.py",
        "hashed_secret": "cc7c65507ba05d58641e66a9f6db761f08cf5d80",
        "is_verified": false,
        "line_number": 53
      },
      {
        "type": "Secret Keyword",
        "filename": "tests/test_collection_credentials.py",
        "hashed_secret": "9c501a730e47be1a755cded81e233155c2e83eba",
        "is_verified": false,
        "line_number": 54
      },
      {
        "type": "Secret Keyword",
        "filename": "tests/test_collection_credentials.py",
        "hashed_secret": "fa3f8556220674269a6130b0eedd21dec9c033fb",
        "is_verified": false,
        "line_number": 71
      },
      {
        "type": "Secret Keyword",
        "filename": "tests/test_collection_credentials.py",
        "hashed_secret": "28a01f5e3872efa166a088236e0da21c79ac314b",
        "is_verified": false,
        "line_number": 81
      },
      {
        "type": "Secret Keyword",
        "filename": "tests/test_collection_credentials.py",
        "hashed_secret": "4bc52e34062f29ef5eafb603f4548db4bc0091c6",
        "is_verified": false,
        "line_number": 82
      },
      {
        "type": "Secret Keyword",
        "filename": "tests/test_collection_credentials.py",
        "hashed_secret": "923e84973107779366be1e1dc4371c41694d9f1d",
        "is_verified": false,
        "line_number": 83
      },
      {
        "type": "Secret Keyword",
        "filename": "tests/test_collection_credentials.py",
        "hashed_secret": "e5e9fa1ba31ecd1ae84f75caaa474f3a663f05f4",
        "is_verified": false,
        "line_number": 91
      },
      {
        "type": "Secret Keyword",
        "filename": "tests/test_collection_credentials.py",
        "hashed_secret": "a62f2225bf70bfaccbc7f1ef2a397836717377de",
        "is_verified": false,
        "line_number": 92
      }
    ],
    "tests/test_collection_runtime.py": [
      {
        "type": "Basic Auth Credentials",
        "filename": "tests/test_collection_runtime.py",
        "hashed_secret": "3e46de4a200858e8b40889d48a405019dd5e726f",
        "is_verified": false,
        "line_number": 73
      },
      {
        "type": "Basic Auth Credentials",
        "filename": "tests/test_collection_runtime.py",
        "hashed_secret": "df77a6b3e1381f280f62cc2eceea74ec575efde6",
        "is_verified": false,
        "line_number": 90
      },
      {
        "type": "Basic Auth Credentials",
        "filename": "tests/test_collection_runtime.py",
        "hashed_secret": "385fcd6760f6432fcdc51c5f995ea61a31d5bbab",
        "is_verified": false,
        "line_number": 112
      },
      {
        "type": "Basic Auth Credentials",
        "filename": "tests/test_collection_runtime.py",
        "hashed_secret": "9b33046ed39d182e3adafa9045ad6787d4bbc321",
        "is_verified": false,
        "line_number": 122
      },
      {
        "type": "Basic Auth Credentials",
        "filename": "tests/test_collection_runtime.py",
        "hashed_secret": "5baa61e4c9b93f3f0682250b6cf8331b7ee68fd8",
        "is_verified": false,
        "line_number": 142
      },
      {
        "type": "Basic Auth Credentials",
        "filename": "tests/test_collection_runtime.py",
        "hashed_secret": "f2e18ffc17e2595362b5468aac34221e09934bf8",
        "is_verified": false,
        "line_number": 183
      },
      {
        "type": "Basic Auth Credentials",
        "filename": "tests/test_collection_runtime.py",
        "hashed_secret": "579233b2c479241523cba5e3af55d0f50f2d6414",
        "is_verified": false,
        "line_number": 187
      },
      {
        "type": "Basic Auth Credentials",
        "filename": "tests/test_collection_runtime.py",
        "hashed_secret": "d0290ac2648f6f53a4f3051cedf5110f60d1f6d8",
        "is_verified": false,
        "line_number": 372
      },
      {
        "type": "Basic Auth Credentials",
        "filename": "tests/test_collection_runtime.py",
        "hashed_secret": "9c8b91e96322cf36e90e57faeee3fd34e7dcb7bf",
        "is_verified": false,
        "line_number": 373
      },
      {
        "type": "Basic Auth Credentials",
        "filename": "tests/test_collection_runtime.py",
        "hashed_secret": "2f87751ae729118cc702e10fcc862aef25ea3eaa",
        "is_verified": false,
        "line_number": 425
      },
      {
        "type": "Basic Auth Credentials",
        "filename": "tests/test_collection_runtime.py",
        "hashed_secret": "e625c8b2b85564e73f70e58de16883b702bb6b5a",
        "is_verified": false,
        "line_number": 508
      }
    ],
    "tests/test_phase2_environment.py": [
      {
        "type": "Secret Keyword",
        "filename": "tests/test_phase2_environment.py",
        "hashed_secret": "c69667bf7570255c0936665271696e657be41645",
        "is_verified": false,
        "line_number": 40
      }
    ],
    "tests/unit/test_platform_audit_repository.py": [
      {
        "type": "Hex High Entropy String",
        "filename": "tests/unit/test_platform_audit_repository.py",
        "hashed_secret": "177b70037e28cfee2179c39ce1bf6b1e78ae05f9",
        "is_verified": false,
        "line_number": 124
      },
      {
        "type": "Hex High Entropy String",
        "filename": "tests/unit/test_platform_audit_repository.py",
        "hashed_secret": "f88d7bbc8520025aa10599da48ac7166853eae81",
        "is_verified": false,
        "line_number": 125
      },
      {
        "type": "Secret Keyword",
        "filename": "tests/unit/test_platform_audit_repository.py",
        "hashed_secret": "8881396e04e9db02d353b398e3a6aa83daae0c8c",
        "is_verified": false,
        "line_number": 164
      },
      {
        "type": "Secret Keyword",
        "filename": "tests/unit/test_platform_audit_repository.py",
        "hashed_secret": "61606de198db19bb86a6a8867fea2b19a090d4fb",
        "is_verified": false,
        "line_number": 166
      },
      {
        "type": "Basic Auth Credentials",
        "filename": "tests/unit/test_platform_audit_repository.py",
        "hashed_secret": "c6553f20de4c07a160dcc11a0ead62cbdf74aa13",
        "is_verified": false,
        "line_number": 171
      },
      {
        "type": "JSON Web Token",
        "filename": "tests/unit/test_platform_audit_repository.py",
        "hashed_secret": "cfd17d4214a21b532209be9001d62c452e106e5f",
        "is_verified": false,
        "line_number": 175
      },
      {
        "type": "Private Key",
        "filename": "tests/unit/test_platform_audit_repository.py",
        "hashed_secret": "1348b145fa1a555461c1b790a2f66614781091e9",
        "is_verified": false,
        "line_number": 176
      },
      {
        "type": "AWS Access Key",
        "filename": "tests/unit/test_platform_audit_repository.py",
        "hashed_secret": "25910f981e85ca04baf359199dd0bd4a3ae738b6",
        "is_verified": false,
        "line_number": 227
      }
    ],
    "tests/unit/test_platform_bar_revision_migration.py": [
      {
        "type": "Hex High Entropy String",
        "filename": "tests/unit/test_platform_bar_revision_migration.py",
        "hashed_secret": "19b420f3aa875d0557424a41791f3378b4f5f4cc",
        "is_verified": false,
        "line_number": 66
      },
      {
        "type": "Hex High Entropy String",
        "filename": "tests/unit/test_platform_bar_revision_migration.py",
        "hashed_secret": "37cd505eadbc9418ad1ba3566e97589faa4b706e",
        "is_verified": false,
        "line_number": 67
      },
      {
        "type": "Hex High Entropy String",
        "filename": "tests/unit/test_platform_bar_revision_migration.py",
        "hashed_secret": "6ecffdd7a593441ed110120233a23a2565a4d7fc",
        "is_verified": false,
        "line_number": 110
      }
    ],
    "tests/unit/test_platform_canonical.py": [
      {
        "type": "Hex High Entropy String",
        "filename": "tests/unit/test_platform_canonical.py",
        "hashed_secret": "c5248d684543344c24c55d86af80a957c48f1916",
        "is_verified": false,
        "line_number": 45
      }
    ],
    "tests/unit/test_platform_data_aggregation.py": [
      {
        "type": "Hex High Entropy String",
        "filename": "tests/unit/test_platform_data_aggregation.py",
        "hashed_secret": "82921fe07a9056af158c4b6a08237e36dd9c690f",
        "is_verified": false,
        "line_number": 111
      },
      {
        "type": "Hex High Entropy String",
        "filename": "tests/unit/test_platform_data_aggregation.py",
        "hashed_secret": "1c0f0a4ad47ba1e66ed0d6264bcda35f9c0f4d5c",
        "is_verified": false,
        "line_number": 114
      },
      {
        "type": "Hex High Entropy String",
        "filename": "tests/unit/test_platform_data_aggregation.py",
        "hashed_secret": "a0617b99796ff6e2feb90c2bf0b9b530e3211581",
        "is_verified": false,
        "line_number": 116
      }
    ],
    "tests/unit/test_platform_data_normalization.py": [
      {
        "type": "Hex High Entropy String",
        "filename": "tests/unit/test_platform_data_normalization.py",
        "hashed_secret": "6d5e17d88583638ee3dda52bb9736eff05f22d8b",
        "is_verified": false,
        "line_number": 128
      },
      {
        "type": "Hex High Entropy String",
        "filename": "tests/unit/test_platform_data_normalization.py",
        "hashed_secret": "b15eff6a24ed83bdf30e5334d9a874c2e2759818",
        "is_verified": false,
        "line_number": 129
      }
    ],
    "tests/unit/test_platform_datasets.py": [
      {
        "type": "Hex High Entropy String",
        "filename": "tests/unit/test_platform_datasets.py",
        "hashed_secret": "d2737c0eff66a9e12349ef4ae60978442152949d",
        "is_verified": false,
        "line_number": 207
      }
    ],
    "tests/unit/test_platform_domain.py": [
      {
        "type": "Hex High Entropy String",
        "filename": "tests/unit/test_platform_domain.py",
        "hashed_secret": "523bc73728113ce0f68fd498f3d89a799bf0aac9",
        "is_verified": false,
        "line_number": 49
      }
    ],
    "tests/unit/test_platform_experiment.py": [
      {
        "type": "Hex High Entropy String",
        "filename": "tests/unit/test_platform_experiment.py",
        "hashed_secret": "0e71e3c114dff30c97f1f04f01b450ca7f6b31cf",
        "is_verified": false,
        "line_number": 28
      }
    ],
    "tests/unit/test_platform_migration_runner.py": [
      {
        "type": "Basic Auth Credentials",
        "filename": "tests/unit/test_platform_migration_runner.py",
        "hashed_secret": "e5e9fa1ba31ecd1ae84f75caaa474f3a663f05f4",
        "is_verified": false,
        "line_number": 15
      }
    ],
    "tests/unit/test_platform_observability.py": [
      {
        "type": "Basic Auth Credentials",
        "filename": "tests/unit/test_platform_observability.py",
        "hashed_secret": "c3499c2729730a7f807efb8676a92dcb6f8a3f8f",
        "is_verified": false,
        "line_number": 56
      }
    ],
    "tests/unit/test_platform_profiles.py": [
      {
        "type": "Hex High Entropy String",
        "filename": "tests/unit/test_platform_profiles.py",
        "hashed_secret": "0e71e3c114dff30c97f1f04f01b450ca7f6b31cf",
        "is_verified": false,
        "line_number": 35
      },
      {
        "type": "Hex High Entropy String",
        "filename": "tests/unit/test_platform_profiles.py",
        "hashed_secret": "d0dd0c6a9406b5ebd0f04fa1b5d5d28771093cb8",
        "is_verified": false,
        "line_number": 44
      },
      {
        "type": "Hex High Entropy String",
        "filename": "tests/unit/test_platform_profiles.py",
        "hashed_secret": "31c15d0524f85e3ebb292ded1853453fdfe4870f",
        "is_verified": false,
        "line_number": 46
      },
      {
        "type": "Hex High Entropy String",
        "filename": "tests/unit/test_platform_profiles.py",
        "hashed_secret": "b2e7a5e9f283d25ce8257d645fdb9f4dc3d4e9bc",
        "is_verified": false,
        "line_number": 48
      },
      {
        "type": "Hex High Entropy String",
        "filename": "tests/unit/test_platform_profiles.py",
        "hashed_secret": "71b6220d7a7e292d57d1db38b752c87c266f46c6",
        "is_verified": false,
        "line_number": 57
      },
      {
        "type": "Hex High Entropy String",
        "filename": "tests/unit/test_platform_profiles.py",
        "hashed_secret": "7d1a3eea86f7827592403b5490b28559e38872bb",
        "is_verified": false,
        "line_number": 59
      },
      {
        "type": "Hex High Entropy String",
        "filename": "tests/unit/test_platform_profiles.py",
        "hashed_secret": "bb64aeab37c4dffb3695cfcfca7b1f935aab0f2a",
        "is_verified": false,
        "line_number": 61
      },
      {
        "type": "Hex High Entropy String",
        "filename": "tests/unit/test_platform_profiles.py",
        "hashed_secret": "86fcbb7cb2d4796ae1324790f0078f8028fe389e",
        "is_verified": false,
        "line_number": 70
      },
      {
        "type": "Hex High Entropy String",
        "filename": "tests/unit/test_platform_profiles.py",
        "hashed_secret": "423c7e55f055c76ac07636f76494e3748582dda4",
        "is_verified": false,
        "line_number": 72
      },
      {
        "type": "Hex High Entropy String",
        "filename": "tests/unit/test_platform_profiles.py",
        "hashed_secret": "4dfd619c41292ee0cbdc9366a5bc4fd439b4be00",
        "is_verified": false,
        "line_number": 74
      }
    ],
    "tests/unit/test_platform_runtime_settings.py": [
      {
        "type": "Secret Keyword",
        "filename": "tests/unit/test_platform_runtime_settings.py",
        "hashed_secret": "576e256cdd06ad5b79ed1a074f4d0f221b9145e9",
        "is_verified": false,
        "line_number": 67
      },
      {
        "type": "Secret Keyword",
        "filename": "tests/unit/test_platform_runtime_settings.py",
        "hashed_secret": "e94f0382f0c397bc8743c638bbf10f6fca5b15da",
        "is_verified": false,
        "line_number": 68
      },
      {
        "type": "Secret Keyword",
        "filename": "tests/unit/test_platform_runtime_settings.py",
        "hashed_secret": "8401ba8ceca0ab47cb4d0e86189b2fbe43c3a21d",
        "is_verified": false,
        "line_number": 69
      },
      {
        "type": "Secret Keyword",
        "filename": "tests/unit/test_platform_runtime_settings.py",
        "hashed_secret": "d6150e518e50e47dd91ce5fcc4767efc4b6b1cf8",
        "is_verified": false,
        "line_number": 70
      },
      {
        "type": "Basic Auth Credentials",
        "filename": "tests/unit/test_platform_runtime_settings.py",
        "hashed_secret": "5baa61e4c9b93f3f0682250b6cf8331b7ee68fd8",
        "is_verified": false,
        "line_number": 644
      }
    ],
    "tests/unit/test_platform_scheduling.py": [
      {
        "type": "Hex High Entropy String",
        "filename": "tests/unit/test_platform_scheduling.py",
        "hashed_secret": "3dd16fc343eddaf1c69918f7eb2bf624f268a229",
        "is_verified": false,
        "line_number": 201
      }
    ],
    "tests/unit/test_platform_secret_bootstrap.py": [
      {
        "type": "Base64 High Entropy String",
        "filename": "tests/unit/test_platform_secret_bootstrap.py",
        "hashed_secret": "e582429052cdb908833560f6f7582d232de37c4d",
        "is_verified": false,
        "line_number": 119
      }
    ],
    "tests/unit/test_platform_storage_engine.py": [
      {
        "type": "Basic Auth Credentials",
        "filename": "tests/unit/test_platform_storage_engine.py",
        "hashed_secret": "5baa61e4c9b93f3f0682250b6cf8331b7ee68fd8",
        "is_verified": false,
        "line_number": 442
      }
    ]
  },
  "generated_at": "2026-09-07T01:21:43Z"
}
